✔ env replacement preserves protected values, comments, ordering and trailing newline (1.117ms)
✔ an extra field cannot be staged by replacement (0.287583ms)
✔ generated secrets are distinct, long and never equal protected or retired values (0.805458ms)
✔ active monitoring blocks cleanup without disabling it (0.113209ms)
✔ unsettled reservation blocks cleanup (0.134084ms)
✔ pending signal blocks cleanup (0.119583ms)
✔ tracing key catalog must be empty (0.105875ms)
✔ container equivalence permits only generated identity, canonical image reference and the four task credentials (0.202125ms)
✔ one protected value missing blocks the plan (0.790125ms)
✔ task value equal to shared provider is blocked before hashes are accepted (0.210708ms)
✔ task value equal to protected evaluation provider is blocked (0.170958ms)
✔ unexpected old-secret drift is refused (0.199959ms)
✔ replacement cannot write a protected field (0.894042ms)
✔ exact four-field replacement keeps every other byte value (0.473708ms)
✔ duplicate env fields are refused (0.177334ms)
✔ published tombstone survives the complete head inventory (0.968625ms)
✔ published head without a joined blob fails closed (0.181ms)
✔ missing-head payload is not silently converted to null (0.060292ms)
✔ unpublished empty fence requires explicit review (0.047916ms)
✔ duplicate heads fail closed (0.130667ms)
✔ unsafe revision fails closed (0.085792ms)
✔ exact new worker/token and heartbeat-only published history are accepted (3.4915ms)
✔ retained fixture changed is rejected (0.237584ms)
✔ old worker heartbeat unexpectedly changed is rejected (0.0985ms)
✔ old session restored is rejected (0.149083ms)
✔ unowned additional record is rejected (0.119125ms)
✔ new token republished is rejected (0.214166ms)
✔ new worker scope changed is rejected (0.396416ms)
✔ new worker credential differs is rejected (0.127917ms)
✔ new worker revoked is rejected (0.15675ms)
✔ new worker heartbeat predates restart is rejected (0.153209ms)
✔ new worker heartbeat is in future is rejected (0.100458ms)
✔ duplicate inventory key is rejected (0.141792ms)
✔ foreign worker index row is rejected (0.141666ms)
✔ index scope change is rejected (0.076791ms)
✔ missing immutable payload is rejected (0.08875ms)
✔ unpublished future revision is rejected (0.089625ms)
✔ missing observed published index head is rejected (0.285708ms)
✔ duplicate index row is rejected (0.51575ms)
✔ historical worker privileges changed is rejected (0.117292ms)
✔ unchanged admin seed cannot widen restart scope (0.154459ms)
✔ a preexisting new token cannot be treated as a new restart record (0.117958ms)
✔ only the transient publication race is retried without mutating state (0.129208ms)
✔ foreign record failure is never retried (0.247709ms)
✔ publication retry bound cannot turn an abandoned prepare into success (0.068459ms)
ℹ tests 45
ℹ suites 0
ℹ pass 45
ℹ fail 0
ℹ cancelled 0
ℹ skipped 0
ℹ todo 0
ℹ duration_ms 66.141417
