
 RUN  v4.1.11 /private/var/folders/pl/f4fm9jpd3_n2s90lqp8cxmzw0000gn/T/lens-ui-mutant-9lgg8swi

 ❯ |unit| src/lib/http/sessionRequests.test.ts (2 tests | 1 failed) 20ms
     × preserves the selected authentication mode for "" 14ms

 Test Files  1 failed (1)
      Tests  1 failed | 1 passed (2)
Type Errors  no errors
   Start at  15:49:59
   Duration  690ms (transform 93ms, setup 32ms, import 468ms, tests 20ms, environment 0ms)

Testing types with tsc and vue-tsc is an experimental feature.
Breaking changes might not follow SemVer, please pin Vitest's version when using it.

⎯⎯⎯⎯⎯⎯⎯ Failed Tests 1 ⎯⎯⎯⎯⎯⎯⎯

 FAIL  |unit| src/lib/http/sessionRequests.test.ts > Lens session requests > preserves the selected authentication mode for ""
AssertionError: expected 'Bearer' to be null // Object.is equality

- Expected:
null

+ Received:
"Bearer"

 ❯ src/lib/http/sessionRequests.test.ts:25:61
     23|           /^https:\/\/lens.test\/mounted\/(lens|v1\/traces)/,
     24|         );
     25|         expect(request.headers.get("x-lens-authorization")).toBe(
       |                                                             ^
     26|           token ? `Bearer ${token}` : null,
     27|         );
 ❯ fetch src/lib/http/api.ts:77:34
 ❯ coreFetch ../lens-ui-package-32BS01/node_modules/openapi-fetch/src/index.js:171:25
 ❯ required src/components/lens/data/service.ts:80:20
 ❯ src/lib/http/sessionRequests.test.ts:34:7

⎯⎯⎯⎯⎯⎯⎯⎯⎯⎯⎯⎯⎯⎯⎯⎯⎯⎯⎯⎯⎯⎯⎯⎯[1/1]⎯
