test_checks_named_resources_in_their_namespaces (test_check_dev_rollout_access.ReadAccessTests.test_checks_named_resources_in_their_namespaces) ... ok
test_connection_failure_is_not_misreported_as_missing_permission (test_check_dev_rollout_access.ReadAccessTests.test_connection_failure_is_not_misreported_as_missing_permission) ... ok
test_denied_worker_fails_before_the_rollout_poll (test_check_dev_rollout_access.ReadAccessTests.test_denied_worker_fails_before_the_rollout_poll) ... ok
test_independent_lens_checks_only_its_named_resources (test_check_dev_rollout_access.ReadAccessTests.test_independent_lens_checks_only_its_named_resources) ... ok
test_legacy_source_does_not_require_worker_access (test_check_dev_rollout_access.ReadAccessTests.test_legacy_source_does_not_require_worker_access) ... ok
test_missing_worker_permission_is_reported (test_check_dev_rollout_access.ReadAccessTests.test_missing_worker_permission_is_reported) ... ok
test_chart_publication_resumes_partial_mirrors_without_overwriting (test_lens_artifacts.ArtifactTests.test_chart_publication_resumes_partial_mirrors_without_overwriting) ... ok
test_rejects_changed_chart_bytes_and_unexpected_image (test_lens_artifacts.ArtifactTests.test_rejects_changed_chart_bytes_and_unexpected_image) ... ok
test_rejects_links_and_path_traversal_before_extracting (test_lens_artifacts.ArtifactTests.test_rejects_links_and_path_traversal_before_extracting) ... ok
test_rejects_wrong_release_identity_protocol_and_digest (test_lens_artifacts.ArtifactTests.test_rejects_wrong_release_identity_protocol_and_digest) ... ok
test_retry_reuses_published_bytes_and_rejects_changed_content (test_lens_artifacts.ArtifactTests.test_retry_reuses_published_bytes_and_rejects_changed_content) ... ok
test_verified_chart_mirror_changes_only_the_repository_and_digest (test_lens_artifacts.ArtifactTests.test_verified_chart_mirror_changes_only_the_repository_and_digest) ... ok
test_existing_storage_volume_and_network_access_include_keeper (test_lens_deployment_overlay.LensDeploymentTests.test_existing_storage_volume_and_network_access_include_keeper) ... ok
test_forwarder_appends_otlp_path_once_with_the_existing_credential_and_bounds (test_lens_deployment_overlay.LensDeploymentTests.test_forwarder_appends_otlp_path_once_with_the_existing_credential_and_bounds) ... ok
test_gateway_discovers_independently_deployed_lens_with_shared_delegation (test_lens_deployment_overlay.LensDeploymentTests.test_gateway_discovers_independently_deployed_lens_with_shared_delegation) ... ok
test_extracted_lens_resolves_without_a_gateway_checkout (test_lens_release_workflow.LensWorkflowTests.test_extracted_lens_resolves_without_a_gateway_checkout) ... ok
test_hourly_skip_requires_all_images_and_a_completed_chart (test_lens_release_workflow.LensWorkflowTests.test_hourly_skip_requires_all_images_and_a_completed_chart) ... ok
test_independent_skip_requires_both_images_and_both_completed_charts (test_lens_release_workflow.LensWorkflowTests.test_independent_skip_requires_both_images_and_both_completed_charts) ... ok
test_selected_source_controls_worker_build_and_rollout (test_lens_release_workflow.LensWorkflowTests.test_selected_source_controls_worker_build_and_rollout) ... ok
test_source_smoke_is_ignored_and_container_failures_stop_publication (test_lens_release_workflow.LensWorkflowTests.test_source_smoke_is_ignored_and_container_failures_stop_publication) ... ok
test_backend_connection_survives_normal_chart_image_updates (test_liteadmin_dev_overlay.LiteAdminOverlayTests.test_backend_connection_survives_normal_chart_image_updates) ... ok
test_bootstrap_and_chart_follow_regular_main_releases (test_liteadmin_dev_overlay.LiteAdminOverlayTests.test_bootstrap_and_chart_follow_regular_main_releases) ... ok
test_private_worker_and_lens_read_access_remain_in_bootstrap (test_liteadmin_dev_overlay.LiteAdminOverlayTests.test_private_worker_and_lens_read_access_remain_in_bootstrap) ... ok
test_worker_keeps_encrypted_state_and_read_only_tools (test_liteadmin_dev_overlay.LiteAdminOverlayTests.test_worker_keeps_encrypted_state_and_read_only_tools) ... ok
test_argo_reports_configuration_errors (test_verify_dev_rollout.RolloutTests.test_argo_reports_configuration_errors) ... ok
test_failed_sync_or_missing_status_does_not_pass (test_verify_dev_rollout.RolloutTests.test_failed_sync_or_missing_status_does_not_pass) ... ok
test_independent_lens_cannot_pass_with_a_tag_or_different_digest (test_verify_dev_rollout.RolloutTests.test_independent_lens_cannot_pass_with_a_tag_or_different_digest) ... ok
test_independent_lens_release_uses_its_own_digest (test_verify_dev_rollout.RolloutTests.test_independent_lens_release_uses_its_own_digest) ... ok
test_independent_lens_requires_its_rollout_and_argo_revision (test_verify_dev_rollout.RolloutTests.test_independent_lens_requires_its_rollout_and_argo_revision) ... ok
test_missing_migration_hook_cannot_look_successful (test_verify_dev_rollout.RolloutTests.test_missing_migration_hook_cannot_look_successful) ... ok
test_old_healthy_version_does_not_pass (test_verify_dev_rollout.RolloutTests.test_old_healthy_version_does_not_pass) ... ok
test_spec_update_without_ready_replicas_does_not_pass (test_verify_dev_rollout.RolloutTests.test_spec_update_without_ready_replicas_does_not_pass) ... ok
test_stale_missing_or_unready_worker_does_not_pass (test_verify_dev_rollout.RolloutTests.test_stale_missing_or_unready_worker_does_not_pass) ... ok
test_success_requires_the_published_build_to_be_ready (test_verify_dev_rollout.RolloutTests.test_success_requires_the_published_build_to_be_ready) ... ok
test_worker_is_optional_only_for_sources_without_worker_support (test_verify_dev_rollout.RolloutTests.test_worker_is_optional_only_for_sources_without_worker_support) ... ok
test_zero_replicas_and_missing_image_do_not_pass (test_verify_dev_rollout.RolloutTests.test_zero_replicas_and_missing_image_do_not_pass) ... ok

----------------------------------------------------------------------
Ran 36 tests in 7.648s

OK
